// Jest Snapshot v1, https://goo.gl/fbAQLP

exports[`AssetsContainer renders correctly 1`] = `
<Router
  history={
    Object {
      "action": "POP",
      "block": [Function],
      "createHref": [Function],
      "go": [Function],
      "goBack": [Function],
      "goForward": [Function],
      "length": 1,
      "listen": [Function],
      "location": Object {
        "hash": "",
        "pathname": "/",
        "search": "",
        "state": undefined,
      },
      "push": [Function],
      "replace": [Function],
    }
  }
>
  <div
    style={
      Object {
        "height": "100%",
        "width": "100%",
      }
    }
  >
    <withRouter(AppHeader)
      downloadInventoryCSV={undefined}
      isAuthenticated={undefined}
      login={[Function]}
      logout={[Function]}
    />
    <Route
      component={[Function]}
      exact={true}
      path="/"
    />
    <Route
      component={[Function]}
      path="/assets"
    />
    <Route
      component={[Function]}
      path="/asset/:id"
    />
    <Route
      path="/loading"
      render={[Function]}
    />
  </div>
</Router>
`;
