// Jest Snapshot v1, https://goo.gl/fbAQLP

exports[`AssetsList renders correctly 1`] = `
<Table
  as="table"
  celled={true}
  inverted={true}
  padded={true}
  selectable={true}
>
  <TableHeader
    as="thead"
  >
    <TableRow
      as="tr"
      cellAs="td"
    >
      <TableHeaderCell
        as="th"
        textAlign="center"
      >
        <h3>
          ID
        </h3>
      </TableHeaderCell>
      <TableHeaderCell
        as="th"
        textAlign="center"
      >
        <h3>
          Name
        </h3>
      </TableHeaderCell>
      <TableHeaderCell
        as="th"
        textAlign="center"
      >
        <h3>
          Status
        </h3>
      </TableHeaderCell>
      <TableHeaderCell
        as="th"
        textAlign="center"
      >
        <h3>
          Time Received
        </h3>
      </TableHeaderCell>
      <TableHeaderCell
        as="th"
        textAlign="center"
      >
        <h3>
          Time Dispatched
        </h3>
      </TableHeaderCell>
      <TableHeaderCell
        as="th"
        textAlign="center"
      >
        <h3>
          Comments
        </h3>
      </TableHeaderCell>
    </TableRow>
  </TableHeader>
  <TableBody
    as="tbody"
  >
    <TableRow
      as="tr"
      cellAs="td"
      onClick={[Function]}
    >
      <TableCell
        as="td"
        textAlign="center"
      >
        <h5>
          kj48
        </h5>
      </TableCell>
      <TableCell
        as="td"
        textAlign="center"
      >
        <h5>
          pfs
        </h5>
      </TableCell>
      <TableCell
        as="td"
        textAlign="center"
      >
        <h5>
          dispatched
        </h5>
      </TableCell>
      <TableCell
        as="td"
        textAlign="center"
      >
        <h5>
          34245
        </h5>
      </TableCell>
      <TableCell
        as="td"
        textAlign="center"
      >
        <h5>
          5235
        </h5>
      </TableCell>
      <TableCell
        as="td"
        textAlign="center"
      >
        <h5>
          Lorem
        </h5>
      </TableCell>
    </TableRow>
  </TableBody>
</Table>
`;
