// Jest Snapshot v1, https://goo.gl/fbAQLP

exports[`EditAssetForm renders correctly 1`] = `
<div
  style={
    Object {
      "left": "35%",
      "padding": "3em",
      "position": "relative",
      "width": "30%",
    }
  }
>
  <Segment
    color="grey"
    inverted={true}
  >
    <Form
      as="form"
      inverted={true}
      onSubmit={undefined}
    >
      <h2
        style={
          Object {
            "textAlign": "center",
          }
        }
      >
        Edit Asset ID: 
         
      </h2>
      <FormGroup>
        <FormField
          width="4"
        >
          <div
            style={
              Object {
                "marginTop": "1.6em",
              }
            }
          >
            <label>
              Edit Name
            </label>
            <FormInput
              as={[Function]}
              control={[Function]}
              disabled={undefined}
              name="name"
              onChange={undefined}
              value={undefined}
            />
          </div>
        </FormField>
        <FormField
          width="8"
        >
          <label>
            Edit Comment
          </label>
          <FormTextArea
            as={[Function]}
            control={[Function]}
            name="comment"
            onChange={undefined}
            value={undefined}
          />
        </FormField>
        <FormField
          width="4"
        >
          <div
            style={
              Object {
                "marginTop": "2em",
              }
            }
          >
            <FormButton
              as={[Function]}
              content="Update Asset"
              control={[Function]}
              inverted={true}
              primary={true}
              size="large"
            />
          </div>
        </FormField>
      </FormGroup>
      <Segment
        color="grey"
        inverted={true}
      >
        <div
          style={
            Object {
              "left": "32%",
              "position": "relative",
            }
          }
        >
          <Button
            as="button"
            content="Dispatch Asset"
            disabled={undefined}
            icon={null}
            onClick={undefined}
            primary={true}
            size="huge"
          />
        </div>
      </Segment>
    </Form>
  </Segment>
</div>
`;
