// Jest Snapshot v1, https://goo.gl/fbAQLP

exports[`ReceiveAssetForm renders correctly 1`] = `
<div
  style={
    Object {
      "left": "35%",
      "paddingTop": "2em",
      "position": "relative",
      "width": "30%",
    }
  }
>
  <Segment
    color="grey"
    inverted={true}
    textAlign="center"
  >
    <Form
      as="form"
      inverted={true}
      onSubmit={undefined}
      widths="equal"
    >
      <h2>
        Add Received Asset To Inventory
      </h2>
      <FormGroup
        inline={true}
      >
        <FormField
          error={true}
          required={true}
        >
          <Label
            color="grey"
            size="huge"
          >
            Name
          </Label>
          <FormInput
            as={[Function]}
            control={[Function]}
            name="name"
            onChange={undefined}
            placeholder="Name"
            value={undefined}
          />
        </FormField>
        <FormField>
          <Label
            color="grey"
            size="huge"
          >
            Comments
          </Label>
          <FormTextArea
            as={[Function]}
            control={[Function]}
            name="Comment"
            onChange={undefined}
            placeholder="Add Comments..."
            value={undefined}
          />
        </FormField>
      </FormGroup>
      <Segment
        color="grey"
        inverted={true}
      >
        <FormButton
          as={[Function]}
          content="Submit"
          control={[Function]}
          primary={true}
        />
      </Segment>
    </Form>
  </Segment>
</div>
`;
